unit nodes=12 components=36 snapshot=23 regions=2 functions=1 temps=0
module id=1 package="facts" path="main.peb" source=0 span=0[0,86)
  decl symbol=24
funcdecl symbol=24 fid=1 node=11 span=0[3,4)
node 1 Module type=0 span=0[0,86) syntax=0:0 symbol=1
node 2 ParameterDeclaration type=0 span=0[5,9) syntax=1:4 symbol=25
node 3 ParameterDeclaration type=0 span=0[15,20) syntax=1:7 symbol=26
node 4 TypeUse type=0 span=0[10,13) syntax=1:3 typearg=3
node 5 TypeUse type=0 span=0[21,24) syntax=1:6 typearg=9
node 6 TypeUse type=0 span=0[26,29) syntax=1:8 typearg=3
node 7 SymbolValue type=3 span=0[51,55) syntax=1:10 symbol=25
node 8 SymbolValue type=9 span=0[68,73) syntax=1:12 symbol=26
node 9 InterpolatedString type=3 span=0[43,82) syntax=1:14 parts=[text="hello " value=7 text=", you have " value=8 text=" items!"]
node 10 Return type=0 span=0[36,83) syntax=1:15 function=1 defer=[] children=[9]
node 11 Block type=0 span=0[30,85) syntax=0:0 region=2 children=[10]
node 12 FunctionDeclaration type=0 span=0[3,4) syntax=1:17 symbol=24 function=1 convention=1 variadic=false inline=false hasBody=true params=[25:3 26:9]
sourcemap 1:3 -> 4
sourcemap 1:4 -> 2
sourcemap 1:6 -> 5
sourcemap 1:7 -> 3
sourcemap 1:8 -> 6
sourcemap 1:10 -> 7
sourcemap 1:12 -> 8
sourcemap 1:14 -> 9
sourcemap 1:15 -> 10
sourcemap 1:17 -> 12
